erlinit: Starting erlinit...
erlinit: cmdline argc=2, merged argc=2
erlinit: merged argv[0]=/sbin/erlinit
erlinit: merged argv[1]=-v
erlinit: Could not mount tmpfs in /tmp: Operation not permitted
Check that tmpfs support is enabled in the kernel config.
